Resolving dependencies...
Downloading packages...
  _flutterfire_internals 1.3.35 (1.3.64 available)
  characters 1.4.0 (1.4.1 available)
  cloud_firestore 4.17.5 (6.1.0 available)
  cloud_firestore_platform_interface 6.2.5 (7.0.4 available)
  cloud_firestore_web 3.12.5 (5.1.0 available)
  firebase_auth 4.20.0 (6.1.2 available)
  firebase_auth_platform_interface 7.3.0 (8.1.4 available)
  firebase_auth_web 5.12.0 (6.1.0 available)
  firebase_core 2.32.0 (4.2.1 available)
  firebase_core_platform_interface 5.4.2 (6.0.2 available)
  firebase_core_web 2.17.5 (3.3.0 available)
  firebase_storage 11.7.7 (13.0.4 available)
  firebase_storage_platform_interface 5.1.22 (5.2.15 available)
  firebase_storage_web 3.9.7 (3.11.0 available)
  flutter_lints 5.0.0 (6.0.0 available)
  intl 0.19.0 (0.20.2 available)
  lints 5.1.1 (6.0.0 available)
  material_color_utilities 0.11.1 (0.13.0 available)
  meta 1.16.0 (1.17.0 available)
  test_api 0.7.6 (0.7.7 available)
  web 0.5.1 (1.1.1 available)
Got dependencies!
21 packages have newer versions incompatible with dependency constraints.
Try `flutter pub outdated` for more information.
Running Gradle task 'assembleRelease'...                        
flutter : 
At line:1 char:1
+ flutter build apk --release 2>&1 > build_output.txt ; Get-Content bui ...
+ ~~~~~~~~~~~~~~~~~~~~~~~~~~~~~~~~~~~~~~~~~~~~~~~~~~~
    + CategoryInfo          : NotSpecified: (:String) [], RemoteException
    + FullyQualifiedErrorId : NativeCommandError
 
FAILURE: Build failed with an exception.

* What went wrong:
Execution failed for task ':app:compileFlutterBuildRelease'.
> Failed to create parent directory 'C:\Users\ALU\ MCF\.vscode' when creating directory 'C:\Users\ALU\ 
MCF\.vscode\book_swap\build\app\intermediates\flutter\release\arm64-v8a'

* Try:
> Run with --stacktrace option to get the stack trace.
> Run with --info or --debug option to get more log output.
> Run with --scan to get full insights.
> Get more help at https://help.gradle.org.

BUILD FAILED in 7s
Running Gradle task 'assembleRelease'...                            8.2s
Gradle task assembleRelease failed with exit code 1
